// Jest Snapshot v1, https://goo.gl/fbAQLP

exports[`About Page should render 1`] = `
{
  "asFragment": [Function],
  "baseElement": <body>
    <div>
      <html
        lang="en"
      >
        <body
          class="className"
        >
          <nav
            class="flex bg-gray-800 py-2 px-5 justify-between"
          >
            <div
              class="flex items-center h-100"
            >
              <h1
                class="text-white"
              >
                Navbar
              </h1>
              <ul
                class="flex ml-5"
              >
                <a
                  href="/"
                >
                  <li
                    class="mr-3 text-white cursor-pointer"
                  >
                    Home
                  </li>
                </a>
                <a
                  href="/about"
                >
                  <li
                    class="mr-3 text-white cursor-pointer"
                  >
                    About
                  </li>
                </a>
                <a
                  href="/about/profile"
                >
                  <li
                    class="mr-3 text-white cursor-pointer"
                  >
                    Profile
                  </li>
                </a>
              </ul>
            </div>
            <div>
              <button
                class="bg-white rounded-md px-3 text-sm h-7 cursor-pointer"
              >
                Login
              </button>
            </div>
          </nav>
          <div>
            About Page
          </div>
        </body>
      </html>
    </div>
  </body>,
  "container": <div>
    <html
      lang="en"
    >
      <body
        class="className"
      >
        <nav
          class="flex bg-gray-800 py-2 px-5 justify-between"
        >
          <div
            class="flex items-center h-100"
          >
            <h1
              class="text-white"
            >
              Navbar
            </h1>
            <ul
              class="flex ml-5"
            >
              <a
                href="/"
              >
                <li
                  class="mr-3 text-white cursor-pointer"
                >
                  Home
                </li>
              </a>
              <a
                href="/about"
              >
                <li
                  class="mr-3 text-white cursor-pointer"
                >
                  About
                </li>
              </a>
              <a
                href="/about/profile"
              >
                <li
                  class="mr-3 text-white cursor-pointer"
                >
                  Profile
                </li>
              </a>
            </ul>
          </div>
          <div>
            <button
              class="bg-white rounded-md px-3 text-sm h-7 cursor-pointer"
            >
              Login
            </button>
          </div>
        </nav>
        <div>
          About Page
        </div>
      </body>
    </html>
  </div>,
  "debug": [Function],
  "findAllByAltText": [Function],
  "findAllByDisplayValue": [Function],
  "findAllByLabelText": [Function],
  "findAllByPlaceholderText": [Function],
  "findAllByRole": [Function],
  "findAllByTestId": [Function],
  "findAllByText": [Function],
  "findAllByTitle": [Function],
  "findByAltText": [Function],
  "findByDisplayValue": [Function],
  "findByLabelText": [Function],
  "findByPlaceholderText": [Function],
  "findByRole": [Function],
  "findByTestId": [Function],
  "findByText": [Function],
  "findByTitle": [Function],
  "getAllByAltText": [Function],
  "getAllByDisplayValue": [Function],
  "getAllByLabelText": [Function],
  "getAllByPlaceholderText": [Function],
  "getAllByRole": [Function],
  "getAllByTestId": [Function],
  "getAllByText": [Function],
  "getAllByTitle": [Function],
  "getByAltText": [Function],
  "getByDisplayValue": [Function],
  "getByLabelText": [Function],
  "getByPlaceholderText": [Function],
  "getByRole": [Function],
  "getByTestId": [Function],
  "getByText": [Function],
  "getByTitle": [Function],
  "queryAllByAltText": [Function],
  "queryAllByDisplayValue": [Function],
  "queryAllByLabelText": [Function],
  "queryAllByPlaceholderText": [Function],
  "queryAllByRole": [Function],
  "queryAllByTestId": [Function],
  "queryAllByText": [Function],
  "queryAllByTitle": [Function],
  "queryByAltText": [Function],
  "queryByDisplayValue": [Function],
  "queryByLabelText": [Function],
  "queryByPlaceholderText": [Function],
  "queryByRole": [Function],
  "queryByTestId": [Function],
  "queryByText": [Function],
  "queryByTitle": [Function],
  "rerender": [Function],
  "unmount": [Function],
}
`;
